[2026-07-27T11:59:03] START run_id=20260727_full_mkd2 pid=8756 batch_size=5 max_attempts=3
[2026-07-27T12:02:53] ACTION=PROCESS process_batches=1 verify_batches=0 ok=9 pending=374 processed=5 process_error=0 verify_error=0 pid=8756 working_set=1152565248
[2026-07-27T12:03:16] ACTION=VERIFY process_batches=1 verify_batches=1 ok=14 pending=374 processed=0 process_error=0 verify_error=0 pid=8756 working_set=1176944640
[2026-07-27T12:06:22] ACTION=PROCESS process_batches=2 verify_batches=1 ok=14 pending=369 processed=5 process_error=0 verify_error=0 pid=8756 working_set=1161113600
[2026-07-27T12:06:41] ACTION=VERIFY process_batches=2 verify_batches=2 ok=19 pending=369 processed=0 process_error=0 verify_error=0 pid=8756 working_set=1210544128
[2026-07-27T12:09:27] ACTION=PROCESS process_batches=3 verify_batches=2 ok=19 pending=364 processed=5 process_error=0 verify_error=0 pid=8756 working_set=1198538752
[2026-07-27T12:09:44] ACTION=VERIFY process_batches=3 verify_batches=3 ok=24 pending=364 processed=0 process_error=0 verify_error=0 pid=8756 working_set=1215430656
[2026-07-27T12:12:36] ACTION=PROCESS process_batches=4 verify_batches=3 ok=24 pending=359 processed=5 process_error=0 verify_error=0 pid=8756 working_set=1227345920
[2026-07-27T12:12:54] ACTION=VERIFY process_batches=4 verify_batches=4 ok=29 pending=359 processed=0 process_error=0 verify_error=0 pid=8756 working_set=1246564352
[2026-07-27T12:15:55] ACTION=PROCESS process_batches=5 verify_batches=4 ok=29 pending=354 processed=5 process_error=0 verify_error=0 pid=8756 working_set=1238794240
[2026-07-27T12:16:12] ACTION=VERIFY process_batches=5 verify_batches=5 ok=34 pending=354 processed=0 process_error=0 verify_error=0 pid=8756 working_set=1253216256
[2026-07-27T12:20:01] ACTION=PROCESS process_batches=6 verify_batches=5 ok=34 pending=349 processed=5 process_error=0 verify_error=0 pid=8756 working_set=1236619264
[2026-07-27T12:20:24] ACTION=VERIFY process_batches=6 verify_batches=6 ok=39 pending=349 processed=0 process_error=0 verify_error=0 pid=8756 working_set=1259261952
[2026-07-27T12:22:58] ACTION=PROCESS process_batches=7 verify_batches=6 ok=39 pending=344 processed=5 process_error=0 verify_error=0 pid=8756 working_set=1255825408
[2026-07-27T12:23:13] ACTION=VERIFY process_batches=7 verify_batches=7 ok=44 pending=344 processed=0 process_error=0 verify_error=0 pid=8756 working_set=1275850752
[2026-07-27T12:25:37] ACTION=PROCESS process_batches=8 verify_batches=7 ok=44 pending=339 processed=5 process_error=0 verify_error=0 pid=8756 working_set=1107984384
[2026-07-27T12:25:52] ACTION=VERIFY process_batches=8 verify_batches=8 ok=49 pending=339 processed=0 process_error=0 verify_error=0 pid=8756 working_set=1153761280
[2026-07-27T12:28:31] ACTION=PROCESS process_batches=9 verify_batches=8 ok=49 pending=334 processed=5 process_error=0 verify_error=0 pid=8756 working_set=1153187840
[2026-07-27T12:28:48] ACTION=VERIFY process_batches=9 verify_batches=9 ok=54 pending=334 processed=0 process_error=0 verify_error=0 pid=8756 working_set=1161609216
[2026-07-27T12:31:16] ACTION=PROCESS process_batches=10 verify_batches=9 ok=54 pending=329 processed=5 process_error=0 verify_error=0 pid=8756 working_set=1169993728
[2026-07-27T12:31:31] ACTION=VERIFY process_batches=10 verify_batches=10 ok=59 pending=329 processed=0 process_error=0 verify_error=0 pid=8756 working_set=1183199232
[2026-07-27T12:34:16] ACTION=PROCESS process_batches=11 verify_batches=10 ok=59 pending=324 processed=5 process_error=0 verify_error=0 pid=8756 working_set=1159831552
[2026-07-27T12:34:32] ACTION=VERIFY process_batches=11 verify_batches=11 ok=64 pending=324 processed=0 process_error=0 verify_error=0 pid=8756 working_set=1203707904
[2026-07-27T12:37:37] ACTION=PROCESS process_batches=12 verify_batches=11 ok=64 pending=319 processed=5 process_error=0 verify_error=0 pid=8756 working_set=1161699328
[2026-07-27T12:37:56] ACTION=VERIFY process_batches=12 verify_batches=12 ok=69 pending=319 processed=0 process_error=0 verify_error=0 pid=8756 working_set=1206722560
[2026-07-27T12:41:08] ACTION=PROCESS process_batches=13 verify_batches=12 ok=69 pending=314 processed=5 process_error=0 verify_error=0 pid=8756 working_set=1146712064
[2026-07-27T12:41:27] ACTION=VERIFY process_batches=13 verify_batches=13 ok=74 pending=314 processed=0 process_error=0 verify_error=0 pid=8756 working_set=1213292544
[2026-07-27T12:45:18] ACTION=PROCESS process_batches=14 verify_batches=13 ok=74 pending=309 processed=5 process_error=0 verify_error=0 pid=8756 working_set=1217069056
[2026-07-27T12:45:42] ACTION=VERIFY process_batches=14 verify_batches=14 ok=79 pending=309 processed=0 process_error=0 verify_error=0 pid=8756 working_set=1294680064
[2026-07-27T12:48:43] ACTION=PROCESS process_batches=15 verify_batches=14 ok=79 pending=304 processed=5 process_error=0 verify_error=0 pid=8756 working_set=1235050496
[2026-07-27T12:49:03] ACTION=VERIFY process_batches=15 verify_batches=15 ok=84 pending=304 processed=0 process_error=0 verify_error=0 pid=8756 working_set=1277775872
[2026-07-27T12:52:34] ACTION=PROCESS process_batches=16 verify_batches=15 ok=84 pending=299 processed=5 process_error=0 verify_error=0 pid=8756 working_set=1232076800
[2026-07-27T12:52:56] ACTION=VERIFY process_batches=16 verify_batches=16 ok=89 pending=299 processed=0 process_error=0 verify_error=0 pid=8756 working_set=1288318976
[2026-07-27T12:55:55] ACTION=PROCESS process_batches=17 verify_batches=16 ok=89 pending=294 processed=5 process_error=0 verify_error=0 pid=8756 working_set=1274896384
[2026-07-27T12:56:13] ACTION=VERIFY process_batches=17 verify_batches=17 ok=94 pending=294 processed=0 process_error=0 verify_error=0 pid=8756 working_set=1323642880
[2026-07-27T12:59:36] ACTION=PROCESS process_batches=18 verify_batches=17 ok=94 pending=289 processed=5 process_error=0 verify_error=0 pid=8756 working_set=1295495168
[2026-07-27T12:59:56] ACTION=VERIFY process_batches=18 verify_batches=18 ok=99 pending=289 processed=0 process_error=0 verify_error=0 pid=8756 working_set=1342558208
[2026-07-27T13:02:58] ACTION=PROCESS process_batches=19 verify_batches=18 ok=99 pending=284 processed=5 process_error=0 verify_error=0 pid=8756 working_set=1302016000
[2026-07-27T13:03:18] ACTION=VERIFY process_batches=19 verify_batches=19 ok=104 pending=284 processed=0 process_error=0 verify_error=0 pid=8756 working_set=1340272640
[2026-07-27T13:06:21] ACTION=PROCESS process_batches=20 verify_batches=19 ok=104 pending=279 processed=5 process_error=0 verify_error=0 pid=8756 working_set=1273544704
[2026-07-27T13:06:41] ACTION=VERIFY process_batches=20 verify_batches=20 ok=109 pending=279 processed=0 process_error=0 verify_error=0 pid=8756 working_set=1348505600
[2026-07-27T13:09:59] ACTION=PROCESS process_batches=21 verify_batches=20 ok=109 pending=274 processed=5 process_error=0 verify_error=0 pid=8756 working_set=1286373376
[2026-07-27T13:10:19] ACTION=VERIFY process_batches=21 verify_batches=21 ok=114 pending=274 processed=0 process_error=0 verify_error=0 pid=8756 working_set=1361342464
[2026-07-27T13:13:56] ACTION=PROCESS process_batches=22 verify_batches=21 ok=114 pending=269 processed=5 process_error=0 verify_error=0 pid=8756 working_set=1295089664
[2026-07-27T13:14:17] ACTION=VERIFY process_batches=22 verify_batches=22 ok=119 pending=269 processed=0 process_error=0 verify_error=0 pid=8756 working_set=1363165184
[2026-07-27T13:17:45] ACTION=PROCESS process_batches=23 verify_batches=22 ok=119 pending=264 processed=5 process_error=0 verify_error=0 pid=8756 working_set=1302482944
[2026-07-27T13:18:05] ACTION=VERIFY process_batches=23 verify_batches=23 ok=124 pending=264 processed=0 process_error=0 verify_error=0 pid=8756 working_set=1372917760
[2026-07-27T13:20:49] ACTION=PROCESS process_batches=24 verify_batches=23 ok=124 pending=259 processed=5 process_error=0 verify_error=0 pid=8756 working_set=1354629120
[2026-07-27T13:21:06] ACTION=VERIFY process_batches=24 verify_batches=24 ok=129 pending=259 processed=0 process_error=0 verify_error=0 pid=8756 working_set=1384779776
[2026-07-27T13:23:43] ACTION=PROCESS process_batches=25 verify_batches=24 ok=129 pending=254 processed=5 process_error=0 verify_error=0 pid=8756 working_set=1364770816
[2026-07-27T13:24:00] ACTION=VERIFY process_batches=25 verify_batches=25 ok=134 pending=254 processed=0 process_error=0 verify_error=0 pid=8756 working_set=1402007552
[2026-07-27T13:26:47] ACTION=PROCESS process_batches=26 verify_batches=25 ok=134 pending=249 processed=5 process_error=0 verify_error=0 pid=8756 working_set=1326002176
[2026-07-27T13:27:04] ACTION=VERIFY process_batches=26 verify_batches=26 ok=139 pending=249 processed=0 process_error=0 verify_error=0 pid=8756 working_set=1405816832
[2026-07-27T13:29:39] ACTION=PROCESS process_batches=27 verify_batches=26 ok=139 pending=244 processed=5 process_error=0 verify_error=0 pid=8756 working_set=1374810112
[2026-07-27T13:29:56] ACTION=VERIFY process_batches=27 verify_batches=27 ok=144 pending=244 processed=0 process_error=0 verify_error=0 pid=8756 working_set=1407909888
[2026-07-27T13:32:47] ACTION=PROCESS process_batches=28 verify_batches=27 ok=144 pending=239 processed=5 process_error=0 verify_error=0 pid=8756 working_set=1378336768
[2026-07-27T13:33:04] ACTION=VERIFY process_batches=28 verify_batches=28 ok=149 pending=239 processed=0 process_error=0 verify_error=0 pid=8756 working_set=1415200768
[2026-07-27T13:36:05] ACTION=PROCESS process_batches=29 verify_batches=28 ok=149 pending=234 processed=5 process_error=0 verify_error=0 pid=8756 working_set=1375526912
[2026-07-27T13:36:22] ACTION=VERIFY process_batches=29 verify_batches=29 ok=154 pending=234 processed=0 process_error=0 verify_error=0 pid=8756 working_set=1416306688
[2026-07-27T13:39:23] ACTION=PROCESS process_batches=30 verify_batches=29 ok=154 pending=229 processed=5 process_error=0 verify_error=0 pid=8756 working_set=1392795648
[2026-07-27T13:39:40] ACTION=VERIFY process_batches=30 verify_batches=30 ok=159 pending=229 processed=0 process_error=0 verify_error=0 pid=8756 working_set=1411055616
[2026-07-27T13:43:52] ACTION=PROCESS process_batches=31 verify_batches=30 ok=159 pending=224 processed=5 process_error=0 verify_error=0 pid=8756 working_set=1449787392
[2026-07-27T13:44:17] ACTION=VERIFY process_batches=31 verify_batches=31 ok=164 pending=224 processed=0 process_error=0 verify_error=0 pid=8756 working_set=1501986816
[2026-07-27T13:49:09] ACTION=PROCESS process_batches=32 verify_batches=31 ok=164 pending=219 processed=5 process_error=0 verify_error=0 pid=8756 working_set=1478721536
[2026-07-27T13:49:40] ACTION=VERIFY process_batches=32 verify_batches=32 ok=169 pending=219 processed=0 process_error=0 verify_error=0 pid=8756 working_set=1529085952
[2026-07-27T13:52:59] ACTION=PROCESS process_batches=33 verify_batches=32 ok=169 pending=214 processed=5 process_error=0 verify_error=0 pid=8756 working_set=1442922496
[2026-07-27T13:53:21] ACTION=VERIFY process_batches=33 verify_batches=33 ok=174 pending=214 processed=0 process_error=0 verify_error=0 pid=8756 working_set=1507078144
[2026-07-27T13:56:22] ACTION=PROCESS process_batches=34 verify_batches=33 ok=174 pending=209 processed=5 process_error=0 verify_error=0 pid=8756 working_set=1458393088
[2026-07-27T13:56:41] ACTION=VERIFY process_batches=34 verify_batches=34 ok=179 pending=209 processed=0 process_error=0 verify_error=0 pid=8756 working_set=1531289600
[2026-07-27T13:59:42] ACTION=PROCESS process_batches=35 verify_batches=34 ok=179 pending=204 processed=5 process_error=0 verify_error=0 pid=8756 working_set=1500188672
[2026-07-27T14:00:01] ACTION=VERIFY process_batches=35 verify_batches=35 ok=184 pending=204 processed=0 process_error=0 verify_error=0 pid=8756 working_set=1539342336
[2026-07-27T14:04:28] ACTION=PROCESS process_batches=36 verify_batches=35 ok=184 pending=199 processed=5 process_error=0 verify_error=0 pid=8756 working_set=1527001088
[2026-07-27T14:04:57] ACTION=VERIFY process_batches=36 verify_batches=36 ok=189 pending=199 processed=0 process_error=0 verify_error=0 pid=8756 working_set=1572597760
[2026-07-27T14:07:29] ACTION=PROCESS process_batches=37 verify_batches=36 ok=189 pending=194 processed=5 process_error=0 verify_error=0 pid=8756 working_set=1528246272
[2026-07-27T14:07:46] ACTION=VERIFY process_batches=37 verify_batches=37 ok=194 pending=194 processed=0 process_error=0 verify_error=0 pid=8756 working_set=1567842304
[2026-07-27T14:10:46] ACTION=PROCESS process_batches=38 verify_batches=37 ok=194 pending=189 processed=5 process_error=0 verify_error=0 pid=8756 working_set=1498222592
[2026-07-27T14:11:05] ACTION=VERIFY process_batches=38 verify_batches=38 ok=199 pending=189 processed=0 process_error=0 verify_error=0 pid=8756 working_set=1554911232
[2026-07-27T14:11:05] ERROR PROCESSING_PAUSE_REQUESTED
[2026-07-27T14:11:42] RESUME run_id=20260727_full_mkd2 pid=8756 batch_size=20 max_attempts=3
[2026-07-27T14:14:34] RESUME run_id=20260727_full_mkd2 pid=8756 batch_size=20 max_attempts=3
[2026-07-27T14:17:47] RESUME run_id=20260727_full_mkd2 pid=8756 batch_size=20 max_attempts=3
[2026-07-27T14:29:23] ACTION=PROCESS process_batches=39 verify_batches=38 ok=199 pending=169 processed=20 process_error=0 verify_error=0 pid=8756 working_set=1568858112
[2026-07-27T14:30:34] ACTION=VERIFY process_batches=39 verify_batches=39 ok=219 pending=169 processed=0 process_error=0 verify_error=0 pid=8756 working_set=1649647616
[2026-07-27T14:30:34] ERROR PROCESSING_PAUSE_REQUESTED
[2026-07-27T14:32:45] RESUME run_id=20260727_full_mkd2 pid=8756 batch_size=20 max_attempts=3
[2026-07-27T14:44:22] ACTION=PROCESS process_batches=40 verify_batches=39 ok=219 pending=149 processed=20 process_error=0 verify_error=0 pid=8756 working_set=1603833856
[2026-07-27T14:45:32] ACTION=VERIFY process_batches=40 verify_batches=40 ok=239 pending=149 processed=0 process_error=0 verify_error=0 pid=8756 working_set=1672273920
[2026-07-27T15:00:10] ACTION=PROCESS process_batches=41 verify_batches=40 ok=239 pending=129 processed=20 process_error=0 verify_error=0 pid=8756 working_set=1665290240
[2026-07-27T15:01:37] ACTION=VERIFY process_batches=41 verify_batches=41 ok=259 pending=129 processed=0 process_error=0 verify_error=0 pid=8756 working_set=1737723904
[2026-07-27T15:15:55] ACTION=PROCESS process_batches=42 verify_batches=41 ok=259 pending=109 processed=20 process_error=0 verify_error=0 pid=8756 working_set=1725644800
[2026-07-27T15:17:23] ACTION=VERIFY process_batches=42 verify_batches=42 ok=279 pending=109 processed=0 process_error=0 verify_error=0 pid=8756 working_set=1784152064
[2026-07-27T15:28:03] ACTION=PROCESS process_batches=43 verify_batches=42 ok=279 pending=89 processed=20 process_error=0 verify_error=0 pid=8756 working_set=1741307904
[2026-07-27T15:29:06] ACTION=VERIFY process_batches=43 verify_batches=43 ok=299 pending=89 processed=0 process_error=0 verify_error=0 pid=8756 working_set=1780801536
[2026-07-27T15:40:40] ACTION=PROCESS process_batches=44 verify_batches=43 ok=299 pending=69 processed=20 process_error=0 verify_error=0 pid=8756 working_set=1754046464
[2026-07-27T15:41:48] ACTION=VERIFY process_batches=44 verify_batches=44 ok=319 pending=69 processed=0 process_error=0 verify_error=0 pid=8756 working_set=1818996736
[2026-07-27T15:53:13] ACTION=PROCESS process_batches=45 verify_batches=44 ok=319 pending=49 processed=20 process_error=0 verify_error=0 pid=8756 working_set=1788678144
[2026-07-27T15:54:20] ACTION=VERIFY process_batches=45 verify_batches=45 ok=339 pending=49 processed=0 process_error=0 verify_error=0 pid=8756 working_set=1852104704
[2026-07-27T16:04:38] ACTION=PROCESS process_batches=46 verify_batches=45 ok=339 pending=29 processed=20 process_error=0 verify_error=0 pid=8756 working_set=1816002560
[2026-07-27T16:05:44] ACTION=VERIFY process_batches=46 verify_batches=46 ok=359 pending=29 processed=0 process_error=0 verify_error=0 pid=8756 working_set=1872027648
[2026-07-27T16:16:12] ACTION=PROCESS process_batches=47 verify_batches=46 ok=359 pending=9 processed=20 process_error=0 verify_error=0 pid=8756 working_set=1846075392
[2026-07-27T16:17:15] ACTION=VERIFY process_batches=47 verify_batches=47 ok=379 pending=9 processed=0 process_error=0 verify_error=0 pid=8756 working_set=1887297536
[2026-07-27T16:23:09] ACTION=PROCESS process_batches=48 verify_batches=47 ok=379 pending=0 processed=9 process_error=0 verify_error=0 pid=8756 working_set=1859178496
[2026-07-27T16:23:44] ACTION=VERIFY process_batches=48 verify_batches=48 ok=388 pending=0 processed=0 process_error=0 verify_error=0 pid=8756 working_set=1888272384
[2026-07-27T16:23:44] COMPLETE ok=388 pid=8756
